// Jest Snapshot v1, https://jestjs.io/docs/snapshot-testing

exports[`formatCompactableRecordFile error 1`] = `"oops"`;
