// Jest Snapshot v1, https://jestjs.io/docs/snapshot-testing

exports[`validateExtractNetworkNodesQuery throw file.id gt 1`] = `"Only equals (eq) comparison operator is supported for file.id"`;

exports[`validateExtractNetworkNodesQuery throw file.id gte 1`] = `"Only equals (eq) comparison operator is supported for file.id"`;

exports[`validateExtractNetworkNodesQuery throw file.id lte 1`] = `"Only equals (eq) comparison operator is supported for file.id"`;

exports[`validateExtractNetworkNodesQuery throw file.id lte 2`] = `"Only equals (eq) comparison operator is supported for file.id"`;

exports[`validateExtractNetworkNodesQuery throw file.id ne 1`] = `"Only equals (eq) comparison operator is supported for file.id"`;

exports[`validateExtractNetworkNodesQuery throw multi file.id eq 1`] = `"Only a single instance is supported for file.id"`;
