// Jest Snapshot v1, https://jestjs.io/docs/snapshot-testing

exports[`TokenKycStatus invalid id -1 1`] = `"Invalid token kyc status id -1"`;

exports[`TokenKycStatus invalid id 3 1`] = `"Invalid token kyc status id 3"`;
