// Jest Snapshot v1, https://jestjs.io/docs/snapshot-testing

exports[`TokenFreezeStatus invalid id -1 1`] = `"Invalid token freeze status id -1"`;

exports[`TokenFreezeStatus invalid id 3 1`] = `"Invalid token freeze status id 3"`;
